/Users/oide/SAD/oldsad/contrib/gdtoa/test/obad/strtodt.out