/Users/oide/SAD/oldsad/contrib/gdtoa/test/obad/xL.out