/Users/oide/SAD/oldsad/contrib/gdtoa/test/ddsi.out