/Users/oide/SAD/oldsad/contrib/gdtoa/test/dIsi.out