/Users/oide/SAD/oldsad/contrib/gdtoa/test/dtst.out