/Users/oide/SAD/oldsad/contrib/gdtoa/test/xsum0.out